// Jest Snapshot v1, https://goo.gl/fbAQLP

exports[`actions 1`] = `"hello"`;
